
Allocating common symbols
Common symbol       size              file

mbox                0x90              obj/mbox.o

Discarded input sections

 .comment       0x0000000000000000       0x31 obj/mbox.o
 .note.GNU-stack
                0x0000000000000000        0x0 obj/mbox.o
 .comment       0x0000000000000000       0x31 obj/uart.o
 .note.GNU-stack
                0x0000000000000000        0x0 obj/uart.o
 .comment       0x0000000000000000       0x31 obj/irq.o
 .note.GNU-stack
                0x0000000000000000        0x0 obj/irq.o
 .comment       0x0000000000000000       0x31 obj/tool.o
 .note.GNU-stack
                0x0000000000000000        0x0 obj/tool.o
 .comment       0x0000000000000000       0x31 obj/main.o
 .note.GNU-stack
                0x0000000000000000        0x0 obj/main.o
 .comment       0x0000000000000000       0x31 obj/util.o
 .note.GNU-stack
                0x0000000000000000        0x0 obj/util.o
 .comment       0x0000000000000000       0x31 obj/reboot.o
 .note.GNU-stack
                0x0000000000000000        0x0 obj/reboot.o
 .comment       0x0000000000000000       0x31 obj/timer.o
 .note.GNU-stack
                0x0000000000000000        0x0 obj/timer.o
 .comment       0x0000000000000000       0x31 obj/get_HW_info.o
 .note.GNU-stack
                0x0000000000000000        0x0 obj/get_HW_info.o

Memory Configuration

Name             Origin             Length             Attributes
*default*        0x0000000000000000 0xffffffffffffffff

Linker script and memory map

                0x0000000000080000                . = 0x80000
                0x0000000000080000                __code_start = .

.text           0x0000000000080000     0x11fc
 *(.text.boot)
 *(.text .text.* .gnu.linkonce.t*)
 .text          0x0000000000080000       0xa4 obj/mbox.o
                0x0000000000080000                mbox_call
 .text          0x00000000000800a4      0x378 obj/uart.o
                0x00000000000800a4                uart_init
                0x0000000000080238                uart_send
                0x0000000000080278                ReadLine
                0x00000000000802f8                uart_getc
                0x0000000000080348                uart_puts
                0x00000000000803a0                uart_hex
 .text          0x000000000008041c      0x4b4 obj/irq.o
                0x000000000008041c                irq_cmd
                0x000000000008044c                irq_el0_64_handler
                0x0000000000080544                print_system_registers
                0x00000000000806b4                system_call
                0x000000000008071c                sync_el0_64_handler
                0x00000000000807a0                show_invalid_entry_message
                0x00000000000808b0                handle_irq
 .text          0x00000000000808d0      0x24c obj/tool.o
                0x00000000000808d0                reverse
                0x000000000008096c                itoa
                0x0000000000080aa0                atoulli
 .text          0x0000000000080b1c      0x1a0 obj/main.o
                0x0000000000080b1c                main
 .text          0x0000000000080cbc      0x1dc obj/util.o
                0x0000000000080cbc                Print_Int
                0x0000000000080e08                StrCmp
 .text          0x0000000000080e98       0x68 obj/reboot.o
                0x0000000000080e98                reset
                0x0000000000080ed8                cancel_reset
 .text          0x0000000000080f00       0x54 obj/timer.o
                0x0000000000080f00                local_timer_init
                0x0000000000080f3c                local_timer_handler
 .text          0x0000000000080f54      0x2a8 obj/get_HW_info.o
                0x0000000000080f54                Get_Serial_number
                0x0000000000081038                Get_Board_revision
                0x0000000000081100                Get_VC_mem

.iplt           0x00000000000811fc        0x0
 .iplt          0x00000000000811fc        0x0 obj/mbox.o

.rodata         0x0000000000081200      0x29f
 *(.rodata .rodata.* .gnu.linkonce.r*)
 .rodata        0x0000000000081200      0x158 obj/irq.o
 .rodata        0x0000000000081358       0x8c obj/main.o
 *fill*         0x00000000000813e4        0x4 
 .rodata        0x00000000000813e8       0xb7 obj/get_HW_info.o
                [!provide]                        PROVIDE (_data = .)

.rela.dyn       0x00000000000814a0        0x0
 .rela.iplt     0x00000000000814a0        0x0 obj/mbox.o
 .rela.got      0x00000000000814a0        0x0 obj/mbox.o

.data           0x00000000000814a0       0x10
 *(.data .data.* .gnu.linkonce.d*)
 .data          0x00000000000814a0        0x0 obj/mbox.o
 .data          0x00000000000814a0        0x0 obj/uart.o
 .data          0x00000000000814a0       0x10 obj/irq.o
 .data          0x00000000000814b0        0x0 obj/tool.o
 .data          0x00000000000814b0        0x0 obj/main.o
 .data          0x00000000000814b0        0x0 obj/util.o
 .data          0x00000000000814b0        0x0 obj/reboot.o
 .data          0x00000000000814b0        0x0 obj/timer.o
 .data          0x00000000000814b0        0x0 obj/get_HW_info.o

.igot.plt       0x00000000000814b0        0x0
 .igot.plt      0x00000000000814b0        0x0 obj/mbox.o

.got            0x00000000000814b0       0x10
 .got           0x00000000000814b0       0x10 obj/mbox.o
                0x00000000000814b0                _GLOBAL_OFFSET_TABLE_

.got.plt        0x00000000000814c0       0x18
 .got.plt       0x00000000000814c0       0x18 obj/mbox.o

.bss            0x00000000000814e0       0x90
                0x00000000000814e0                . = ALIGN (0x10)
                0x00000000000814e0                __bss_start = .
 *(.bss .bss.*)
 .bss           0x00000000000814e0        0x0 obj/mbox.o
 .bss           0x00000000000814e0        0x0 obj/uart.o
 .bss           0x00000000000814e0        0x0 obj/irq.o
 .bss           0x00000000000814e0        0x0 obj/tool.o
 .bss           0x00000000000814e0        0x0 obj/main.o
 .bss           0x00000000000814e0        0x0 obj/util.o
 .bss           0x00000000000814e0        0x0 obj/reboot.o
 .bss           0x00000000000814e0        0x0 obj/timer.o
 .bss           0x00000000000814e0        0x0 obj/get_HW_info.o
 *(COMMON)
 COMMON         0x00000000000814e0       0x90 obj/mbox.o
                0x00000000000814e0                mbox
                0x0000000000081570                __bss_end = .
                0x0000000000081570                _end = .

/DISCARD/
 *(.comment)
 *(.gnu*)
 *(.note*)
 *(.eh_frame*)
                0x0000000000000012                __bss_size = ((__bss_end - __bss_start) >> 0x3)
LOAD obj/mbox.o
LOAD obj/uart.o
LOAD obj/irq.o
LOAD obj/tool.o
LOAD obj/main.o
LOAD obj/util.o
LOAD obj/reboot.o
LOAD obj/timer.o
LOAD obj/get_HW_info.o
OUTPUT(obj/kernel8.elf elf64-littleaarch64)

.debug_info     0x0000000000000000      0xad7
 .debug_info    0x0000000000000000       0xbb obj/mbox.o
 .debug_info    0x00000000000000bb      0x1ba obj/uart.o
 .debug_info    0x0000000000000275      0x2e9 obj/irq.o
 .debug_info    0x000000000000055e      0x1a4 obj/tool.o
 .debug_info    0x0000000000000702       0xf0 obj/main.o
 .debug_info    0x00000000000007f2      0x137 obj/util.o
 .debug_info    0x0000000000000929       0x7a obj/reboot.o
 .debug_info    0x00000000000009a3       0x88 obj/timer.o
 .debug_info    0x0000000000000a2b       0xac obj/get_HW_info.o

.debug_abbrev   0x0000000000000000      0x581
 .debug_abbrev  0x0000000000000000       0x9b obj/mbox.o
 .debug_abbrev  0x000000000000009b      0x104 obj/uart.o
 .debug_abbrev  0x000000000000019f       0xcb obj/irq.o
 .debug_abbrev  0x000000000000026a       0xc8 obj/tool.o
 .debug_abbrev  0x0000000000000332       0x8a obj/main.o
 .debug_abbrev  0x00000000000003bc       0xa8 obj/util.o
 .debug_abbrev  0x0000000000000464       0x5e obj/reboot.o
 .debug_abbrev  0x00000000000004c2       0x60 obj/timer.o
 .debug_abbrev  0x0000000000000522       0x5f obj/get_HW_info.o

.debug_aranges  0x0000000000000000      0x1b0
 .debug_aranges
                0x0000000000000000       0x30 obj/mbox.o
 .debug_aranges
                0x0000000000000030       0x30 obj/uart.o
 .debug_aranges
                0x0000000000000060       0x30 obj/irq.o
 .debug_aranges
                0x0000000000000090       0x30 obj/tool.o
 .debug_aranges
                0x00000000000000c0       0x30 obj/main.o
 .debug_aranges
                0x00000000000000f0       0x30 obj/util.o
 .debug_aranges
                0x0000000000000120       0x30 obj/reboot.o
 .debug_aranges
                0x0000000000000150       0x30 obj/timer.o
 .debug_aranges
                0x0000000000000180       0x30 obj/get_HW_info.o

.debug_line     0x0000000000000000      0x4e6
 .debug_line    0x0000000000000000       0x66 obj/mbox.o
 .debug_line    0x0000000000000066       0xfe obj/uart.o
 .debug_line    0x0000000000000164       0xaf obj/irq.o
 .debug_line    0x0000000000000213       0x87 obj/tool.o
 .debug_line    0x000000000000029a       0xa0 obj/main.o
 .debug_line    0x000000000000033a       0x90 obj/util.o
 .debug_line    0x00000000000003ca       0x45 obj/reboot.o
 .debug_line    0x000000000000040f       0x46 obj/timer.o
 .debug_line    0x0000000000000455       0x91 obj/get_HW_info.o

.debug_str      0x0000000000000000      0x35c
 .debug_str     0x0000000000000000       0xa6 obj/mbox.o
                                         0xc5 (size before relaxing)
 .debug_str     0x00000000000000a6       0x45 obj/uart.o
                                         0xec (size before relaxing)
 .debug_str     0x00000000000000eb      0x113 obj/irq.o
                                        0x1e2 (size before relaxing)
 .debug_str     0x00000000000001fe       0x53 obj/tool.o
                                         0xdd (size before relaxing)
 .debug_str     0x0000000000000251       0x1c obj/main.o
                                         0xca (size before relaxing)
 .debug_str     0x000000000000026d       0x51 obj/util.o
                                        0x103 (size before relaxing)
 .debug_str     0x00000000000002be       0x1f obj/reboot.o
                                         0xa3 (size before relaxing)
 .debug_str     0x00000000000002dd       0x3d obj/timer.o
                                         0xc8 (size before relaxing)
 .debug_str     0x000000000000031a       0x42 obj/get_HW_info.o
                                         0xe4 (size before relaxing)

.debug_frame    0x0000000000000000      0x498
 .debug_frame   0x0000000000000000       0x30 obj/mbox.o
 .debug_frame   0x0000000000000030       0xf8 obj/uart.o
 .debug_frame   0x0000000000000128      0x140 obj/irq.o
 .debug_frame   0x0000000000000268       0x80 obj/tool.o
 .debug_frame   0x00000000000002e8       0x38 obj/main.o
 .debug_frame   0x0000000000000320       0x60 obj/util.o
 .debug_frame   0x0000000000000380       0x48 obj/reboot.o
 .debug_frame   0x00000000000003c8       0x48 obj/timer.o
 .debug_frame   0x0000000000000410       0x88 obj/get_HW_info.o
