
Allocating common symbols
Common symbol       size              file

mbox                0x90              obj/mbox.o

Discarded input sections

 .comment       0x0000000000000000       0x31 obj/uart.o
 .note.GNU-stack
                0x0000000000000000        0x0 obj/uart.o
 .comment       0x0000000000000000       0x31 obj/irq.o
 .note.GNU-stack
                0x0000000000000000        0x0 obj/irq.o
 .comment       0x0000000000000000       0x31 obj/tool.o
 .note.GNU-stack
                0x0000000000000000        0x0 obj/tool.o
 .comment       0x0000000000000000       0x31 obj/main.o
 .note.GNU-stack
                0x0000000000000000        0x0 obj/main.o
 .comment       0x0000000000000000       0x31 obj/util.o
 .note.GNU-stack
                0x0000000000000000        0x0 obj/util.o
 .comment       0x0000000000000000       0x31 obj/reboot.o
 .note.GNU-stack
                0x0000000000000000        0x0 obj/reboot.o
 .comment       0x0000000000000000       0x31 obj/mbox.o
 .note.GNU-stack
                0x0000000000000000        0x0 obj/mbox.o
 .comment       0x0000000000000000       0x31 obj/get_HW_info.o
 .note.GNU-stack
                0x0000000000000000        0x0 obj/get_HW_info.o

Memory Configuration

Name             Origin             Length             Attributes
*default*        0x0000000000000000 0xffffffffffffffff

Linker script and memory map

                0x0000000000080000                . = 0x80000
                0x0000000000080000                __code_start = .

.text           0x0000000000080000     0x20f0
 *(.text.boot)
 .text.boot     0x0000000000080000       0x98 obj/start.o
                0x0000000000080000                _start
 *(.text .text.* .gnu.linkonce.t*)
 .text          0x0000000000080098        0x0 obj/start.o
 .text          0x0000000000080098       0x1c obj/IRQ.o
                0x0000000000080098                irq_vector_init
                0x00000000000800a4                enable_irq
                0x00000000000800ac                disable_irq
 *fill*         0x00000000000800b4      0x74c 
 .text          0x0000000000080800      0xd78 obj/entry.o
                0x0000000000080800                vectors
                0x0000000000081574                err_hang
 .text          0x0000000000081578       0x14 obj/SYS.o
                0x0000000000081578                sync_vector_init
                0x0000000000081584                sync_call
 *fill*         0x000000000008158c        0x4 
 .text          0x0000000000081590      0x29c obj/uart.o
                0x0000000000081590                uart_init
                0x00000000000816a8                uart_send
                0x00000000000816d0                uart_getc
                0x0000000000081708                ReadLine
                0x0000000000081780                uart_puts
                0x00000000000817d8                uart_hex
 *fill*         0x000000000008182c        0x4 
 .text          0x0000000000081830      0x29c obj/irq.o
                0x0000000000081830                print_system_registers
                0x0000000000081980                system_call
                0x0000000000081998                show_invalid_entry_message
                0x0000000000081a88                sync_el0_64_handler
                0x0000000000081ac0                handle_irq
 *fill*         0x0000000000081acc        0x4 
 .text          0x0000000000081ad0       0xfc obj/tool.o
                0x0000000000081ad0                reverse
                0x0000000000081b10                itoa
                0x0000000000081b98                atoulli
 .text          0x0000000000081bcc        0x0 obj/main.o
 *fill*         0x0000000000081bcc        0x4 
 .text.startup  0x0000000000081bd0      0x158 obj/main.o
                0x0000000000081bd0                main
 .text          0x0000000000081d28      0x128 obj/util.o
                0x0000000000081d28                Print_Int
                0x0000000000081e00                StrCmp
 .text          0x0000000000081e50       0x50 obj/reboot.o
                0x0000000000081e50                reset
                0x0000000000081e80                cancel_reset
 .text          0x0000000000081ea0       0x70 obj/mbox.o
                0x0000000000081ea0                mbox_call
 .text          0x0000000000081f10      0x1e0 obj/get_HW_info.o
                0x0000000000081f10                Get_Serial_number
                0x0000000000081fa8                Get_Board_revision
                0x0000000000082038                Get_VC_mem

.iplt           0x00000000000820f0        0x0
 .iplt          0x00000000000820f0        0x0 obj/start.o

.rodata         0x00000000000820f0      0x3c8
 *(.rodata .rodata.* .gnu.linkonce.r*)
 .rodata.str1.8
                0x00000000000820f0      0x275 obj/irq.o
                                        0x27d (size before relaxing)
 *fill*         0x0000000000082365        0x3 
 .rodata.str1.8
                0x0000000000082368       0x9c obj/main.o
 *fill*         0x0000000000082404        0x4 
 .rodata.str1.8
                0x0000000000082408       0xb0 obj/get_HW_info.o
                                         0xb7 (size before relaxing)
                [!provide]                        PROVIDE (_data = .)

.rela.dyn       0x00000000000824b8        0x0
 .rela.iplt     0x00000000000824b8        0x0 obj/start.o
 .rela.text.boot
                0x00000000000824b8        0x0 obj/start.o
 .rela.got      0x00000000000824b8        0x0 obj/start.o

.data           0x00000000000824b8       0x80
 *(.data .data.* .gnu.linkonce.d*)
 .data          0x00000000000824b8        0x0 obj/start.o
 .data          0x00000000000824b8        0x0 obj/IRQ.o
 .data          0x00000000000824b8        0x0 obj/entry.o
 .data          0x00000000000824b8        0x0 obj/SYS.o
 .data          0x00000000000824b8        0x0 obj/uart.o
 .data          0x00000000000824b8        0x0 obj/irq.o
 .data.rel.local
                0x00000000000824b8       0x80 obj/irq.o
                0x00000000000824b8                entry_error_messages
 .data          0x0000000000082538        0x0 obj/tool.o
 .data          0x0000000000082538        0x0 obj/main.o
 .data          0x0000000000082538        0x0 obj/util.o
 .data          0x0000000000082538        0x0 obj/reboot.o
 .data          0x0000000000082538        0x0 obj/mbox.o
 .data          0x0000000000082538        0x0 obj/get_HW_info.o

.igot.plt       0x0000000000082538        0x0
 .igot.plt      0x0000000000082538        0x0 obj/start.o

.got            0x0000000000082538       0x10
 .got           0x0000000000082538       0x10 obj/start.o
                0x0000000000082538                _GLOBAL_OFFSET_TABLE_

.got.plt        0x0000000000082548       0x18
 .got.plt       0x0000000000082548       0x18 obj/start.o

.bss            0x0000000000082560       0x90
                0x0000000000082560                . = ALIGN (0x10)
                0x0000000000082560                __bss_start = .
 *(.bss .bss.*)
 .bss           0x0000000000082560        0x0 obj/start.o
 .bss           0x0000000000082560        0x0 obj/IRQ.o
 .bss           0x0000000000082560        0x0 obj/entry.o
 .bss           0x0000000000082560        0x0 obj/SYS.o
 .bss           0x0000000000082560        0x0 obj/uart.o
 .bss           0x0000000000082560        0x0 obj/irq.o
 .bss           0x0000000000082560        0x0 obj/tool.o
 .bss           0x0000000000082560        0x0 obj/main.o
 .bss           0x0000000000082560        0x0 obj/util.o
 .bss           0x0000000000082560        0x0 obj/reboot.o
 .bss           0x0000000000082560        0x0 obj/mbox.o
 .bss           0x0000000000082560        0x0 obj/get_HW_info.o
 *(COMMON)
 COMMON         0x0000000000082560       0x90 obj/mbox.o
                0x0000000000082560                mbox
                0x00000000000825f0                __bss_end = .
                0x00000000000825f0                _end = .

/DISCARD/
 *(.comment)
 *(.gnu*)
 *(.note*)
 *(.eh_frame*)
                0x0000000000000012                __bss_size = ((__bss_end - __bss_start) >> 0x3)
LOAD obj/start.o
LOAD obj/IRQ.o
LOAD obj/entry.o
LOAD obj/SYS.o
LOAD obj/uart.o
LOAD obj/irq.o
LOAD obj/tool.o
LOAD obj/main.o
LOAD obj/util.o
LOAD obj/reboot.o
LOAD obj/mbox.o
LOAD obj/get_HW_info.o
OUTPUT(obj/kernel8.elf elf64-littleaarch64)

.debug_line     0x0000000000000000      0x625
 .debug_line    0x0000000000000000       0x5a obj/start.o
 .debug_line    0x000000000000005a       0x41 obj/IRQ.o
 .debug_line    0x000000000000009b       0x85 obj/entry.o
 .debug_line    0x0000000000000120       0x3f obj/SYS.o
 .debug_line    0x000000000000015f       0xe3 obj/uart.o
 .debug_line    0x0000000000000242       0xc2 obj/irq.o
 .debug_line    0x0000000000000304       0x65 obj/tool.o
 .debug_line    0x0000000000000369       0xa9 obj/main.o
 .debug_line    0x0000000000000412       0x8c obj/util.o
 .debug_line    0x000000000000049e       0x4f obj/reboot.o
 .debug_line    0x00000000000004ed       0x72 obj/mbox.o
 .debug_line    0x000000000000055f       0xc6 obj/get_HW_info.o

.debug_info     0x0000000000000000     0x143e
 .debug_info    0x0000000000000000       0x2e obj/start.o
 .debug_info    0x000000000000002e       0x2e obj/IRQ.o
 .debug_info    0x000000000000005c       0x2e obj/entry.o
 .debug_info    0x000000000000008a       0x2e obj/SYS.o
 .debug_info    0x00000000000000b8      0x238 obj/uart.o
 .debug_info    0x00000000000002f0      0x771 obj/irq.o
 .debug_info    0x0000000000000a61      0x1af obj/tool.o
 .debug_info    0x0000000000000c10      0x2c1 obj/main.o
 .debug_info    0x0000000000000ed1      0x161 obj/util.o
 .debug_info    0x0000000000001032       0x7b obj/reboot.o
 .debug_info    0x00000000000010ad       0xbb obj/mbox.o
 .debug_info    0x0000000000001168      0x2d6 obj/get_HW_info.o

.debug_abbrev   0x0000000000000000      0x6fa
 .debug_abbrev  0x0000000000000000       0x14 obj/start.o
 .debug_abbrev  0x0000000000000014       0x14 obj/IRQ.o
 .debug_abbrev  0x0000000000000028       0x14 obj/entry.o
 .debug_abbrev  0x000000000000003c       0x14 obj/SYS.o
 .debug_abbrev  0x0000000000000050      0x139 obj/uart.o
 .debug_abbrev  0x0000000000000189      0x12e obj/irq.o
 .debug_abbrev  0x00000000000002b7       0xdb obj/tool.o
 .debug_abbrev  0x0000000000000392       0xd9 obj/main.o
 .debug_abbrev  0x000000000000046b       0xe2 obj/util.o
 .debug_abbrev  0x000000000000054d       0x5e obj/reboot.o
 .debug_abbrev  0x00000000000005ab       0x9b obj/mbox.o
 .debug_abbrev  0x0000000000000646       0xb4 obj/get_HW_info.o

.debug_aranges  0x0000000000000000      0x240
 .debug_aranges
                0x0000000000000000       0x30 obj/start.o
 .debug_aranges
                0x0000000000000030       0x30 obj/IRQ.o
 .debug_aranges
                0x0000000000000060       0x30 obj/entry.o
 .debug_aranges
                0x0000000000000090       0x30 obj/SYS.o
 .debug_aranges
                0x00000000000000c0       0x30 obj/uart.o
 .debug_aranges
                0x00000000000000f0       0x30 obj/irq.o
 .debug_aranges
                0x0000000000000120       0x30 obj/tool.o
 .debug_aranges
                0x0000000000000150       0x30 obj/main.o
 .debug_aranges
                0x0000000000000180       0x30 obj/util.o
 .debug_aranges
                0x00000000000001b0       0x30 obj/reboot.o
 .debug_aranges
                0x00000000000001e0       0x30 obj/mbox.o
 .debug_aranges
                0x0000000000000210       0x30 obj/get_HW_info.o

.debug_str      0x0000000000000000      0x339
 .debug_str     0x0000000000000000       0x50 obj/start.o
 .debug_str     0x0000000000000050        0xa obj/IRQ.o
                                         0x4e (size before relaxing)
 .debug_str     0x000000000000005a        0xc obj/entry.o
                                         0x50 (size before relaxing)
 .debug_str     0x0000000000000066        0xa obj/SYS.o
                                         0x4e (size before relaxing)
 .debug_str     0x0000000000000070       0xb0 obj/uart.o
                                        0x10c (size before relaxing)
 .debug_str     0x0000000000000120       0xda obj/irq.o
                                        0x1ad (size before relaxing)
 .debug_str     0x00000000000001fa       0x4e obj/tool.o
                                         0xf3 (size before relaxing)
 .debug_str     0x0000000000000248       0x2d obj/main.o
                                        0x118 (size before relaxing)
 .debug_str     0x0000000000000275       0x4a obj/util.o
                                        0x123 (size before relaxing)
 .debug_str     0x00000000000002bf       0x1f obj/reboot.o
                                         0xb9 (size before relaxing)
 .debug_str     0x00000000000002de       0x19 obj/mbox.o
                                         0xdb (size before relaxing)
 .debug_str     0x00000000000002f7       0x42 obj/get_HW_info.o
                                        0x121 (size before relaxing)

.debug_loc      0x0000000000000000     0x116a
 .debug_loc     0x0000000000000000      0x374 obj/uart.o
 .debug_loc     0x0000000000000374      0x48d obj/irq.o
 .debug_loc     0x0000000000000801      0x460 obj/tool.o
 .debug_loc     0x0000000000000c61      0x1f5 obj/main.o
 .debug_loc     0x0000000000000e56      0x2a2 obj/util.o
 .debug_loc     0x00000000000010f8       0x39 obj/reboot.o
 .debug_loc     0x0000000000001131       0x39 obj/mbox.o

.debug_ranges   0x0000000000000000       0xb0
 .debug_ranges  0x0000000000000000       0x30 obj/uart.o
 .debug_ranges  0x0000000000000030       0x60 obj/tool.o
 .debug_ranges  0x0000000000000090       0x20 obj/main.o

.debug_frame    0x0000000000000000      0x430
 .debug_frame   0x0000000000000000      0x118 obj/uart.o
 .debug_frame   0x0000000000000118       0xc8 obj/irq.o
 .debug_frame   0x00000000000001e0       0x78 obj/tool.o
 .debug_frame   0x0000000000000258       0x48 obj/main.o
 .debug_frame   0x00000000000002a0       0x68 obj/util.o
 .debug_frame   0x0000000000000308       0x40 obj/reboot.o
 .debug_frame   0x0000000000000348       0x28 obj/mbox.o
 .debug_frame   0x0000000000000370       0xc0 obj/get_HW_info.o
