
Allocating common symbols
Common symbol       size              file

mbox                0x90              obj/mbox.o

Discarded input sections

 .comment       0x0000000000000000       0x31 obj/mbox.o
 .note.GNU-stack
                0x0000000000000000        0x0 obj/mbox.o
 .comment       0x0000000000000000       0x31 obj/uart.o
 .note.GNU-stack
                0x0000000000000000        0x0 obj/uart.o
 .comment       0x0000000000000000       0x31 obj/irq.o
 .note.GNU-stack
                0x0000000000000000        0x0 obj/irq.o
 .comment       0x0000000000000000       0x31 obj/tool.o
 .note.GNU-stack
                0x0000000000000000        0x0 obj/tool.o
 .comment       0x0000000000000000       0x31 obj/main.o
 .note.GNU-stack
                0x0000000000000000        0x0 obj/main.o
 .comment       0x0000000000000000       0x31 obj/util.o
 .note.GNU-stack
                0x0000000000000000        0x0 obj/util.o
 .comment       0x0000000000000000       0x31 obj/reboot.o
 .note.GNU-stack
                0x0000000000000000        0x0 obj/reboot.o
 .comment       0x0000000000000000       0x31 obj/timer.o
 .note.GNU-stack
                0x0000000000000000        0x0 obj/timer.o
 .comment       0x0000000000000000       0x31 obj/get_HW_info.o
 .note.GNU-stack
                0x0000000000000000        0x0 obj/get_HW_info.o

Memory Configuration

Name             Origin             Length             Attributes
*default*        0x0000000000000000 0xffffffffffffffff

Linker script and memory map

                0x0000000000080000                . = 0x80000
                0x0000000000080000                __code_start = .

.text           0x0000000000080000     0x2804
 *(.text.boot)
 .text.boot     0x0000000000080000       0x98 obj/start.o
                0x0000000000080000                _start
 *(.text .text.* .gnu.linkonce.t*)
 .text          0x0000000000080098        0x0 obj/start.o
 .text          0x0000000000080098       0x1c obj/IRQ.o
                0x0000000000080098                irq_vector_init
                0x00000000000800a4                enable_irq
                0x00000000000800ac                disable_irq
 *fill*         0x00000000000800b4      0x74c 
 .text          0x0000000000080800      0xdb8 obj/entry.o
                0x0000000000080800                vectors
                0x00000000000815b4                err_hang
 .text          0x00000000000815b8       0x14 obj/SYS.o
                0x00000000000815b8                sync_vector_init
                0x00000000000815c4                sync_call
 *fill*         0x00000000000815cc        0x4 
 .text          0x00000000000815d0       0x38 obj/TIMER.o
                0x00000000000815d0                core_timer_enable
                0x00000000000815f4                core_timer_handler
 .text          0x0000000000081608       0xa4 obj/mbox.o
                0x0000000000081608                mbox_call
 .text          0x00000000000816ac      0x378 obj/uart.o
                0x00000000000816ac                uart_init
                0x0000000000081840                uart_send
                0x0000000000081880                ReadLine
                0x0000000000081900                uart_getc
                0x0000000000081950                uart_puts
                0x00000000000819a8                uart_hex
 .text          0x0000000000081a24      0x4b4 obj/irq.o
                0x0000000000081a24                irq_cmd
                0x0000000000081a54                irq_el0_64_handler
                0x0000000000081b4c                print_system_registers
                0x0000000000081cbc                system_call
                0x0000000000081d24                sync_el0_64_handler
                0x0000000000081da8                show_invalid_entry_message
                0x0000000000081eb8                handle_irq
 .text          0x0000000000081ed8      0x24c obj/tool.o
                0x0000000000081ed8                reverse
                0x0000000000081f74                itoa
                0x00000000000820a8                atoulli
 .text          0x0000000000082124      0x1a0 obj/main.o
                0x0000000000082124                main
 .text          0x00000000000822c4      0x1dc obj/util.o
                0x00000000000822c4                Print_Int
                0x0000000000082410                StrCmp
 .text          0x00000000000824a0       0x68 obj/reboot.o
                0x00000000000824a0                reset
                0x00000000000824e0                cancel_reset
 .text          0x0000000000082508       0x54 obj/timer.o
                0x0000000000082508                local_timer_init
                0x0000000000082544                local_timer_handler
 .text          0x000000000008255c      0x2a8 obj/get_HW_info.o
                0x000000000008255c                Get_Serial_number
                0x0000000000082640                Get_Board_revision
                0x0000000000082708                Get_VC_mem

.iplt           0x0000000000082804        0x0
 .iplt          0x0000000000082804        0x0 obj/start.o

.rodata         0x0000000000082808      0x29f
 *(.rodata .rodata.* .gnu.linkonce.r*)
 .rodata        0x0000000000082808      0x158 obj/irq.o
 .rodata        0x0000000000082960       0x8c obj/main.o
 *fill*         0x00000000000829ec        0x4 
 .rodata        0x00000000000829f0       0xb7 obj/get_HW_info.o
                [!provide]                        PROVIDE (_data = .)

.rela.dyn       0x0000000000082aa8        0x0
 .rela.iplt     0x0000000000082aa8        0x0 obj/start.o
 .rela.text.boot
                0x0000000000082aa8        0x0 obj/start.o
 .rela.got      0x0000000000082aa8        0x0 obj/start.o

.data           0x0000000000082aa8       0x10
 *(.data .data.* .gnu.linkonce.d*)
 .data          0x0000000000082aa8        0x0 obj/start.o
 .data          0x0000000000082aa8        0x0 obj/IRQ.o
 .data          0x0000000000082aa8        0x0 obj/entry.o
 .data          0x0000000000082aa8        0x0 obj/SYS.o
 .data          0x0000000000082aa8        0x0 obj/TIMER.o
 .data          0x0000000000082aa8        0x0 obj/mbox.o
 .data          0x0000000000082aa8        0x0 obj/uart.o
 .data          0x0000000000082aa8       0x10 obj/irq.o
 .data          0x0000000000082ab8        0x0 obj/tool.o
 .data          0x0000000000082ab8        0x0 obj/main.o
 .data          0x0000000000082ab8        0x0 obj/util.o
 .data          0x0000000000082ab8        0x0 obj/reboot.o
 .data          0x0000000000082ab8        0x0 obj/timer.o
 .data          0x0000000000082ab8        0x0 obj/get_HW_info.o

.igot.plt       0x0000000000082ab8        0x0
 .igot.plt      0x0000000000082ab8        0x0 obj/start.o

.got            0x0000000000082ab8       0x10
 .got           0x0000000000082ab8       0x10 obj/start.o
                0x0000000000082ab8                _GLOBAL_OFFSET_TABLE_

.got.plt        0x0000000000082ac8       0x18
 .got.plt       0x0000000000082ac8       0x18 obj/start.o

.bss            0x0000000000082ae0       0x90
                0x0000000000082ae0                . = ALIGN (0x10)
                0x0000000000082ae0                __bss_start = .
 *(.bss .bss.*)
 .bss           0x0000000000082ae0        0x0 obj/start.o
 .bss           0x0000000000082ae0        0x0 obj/IRQ.o
 .bss           0x0000000000082ae0        0x0 obj/entry.o
 .bss           0x0000000000082ae0        0x0 obj/SYS.o
 .bss           0x0000000000082ae0        0x0 obj/TIMER.o
 .bss           0x0000000000082ae0        0x0 obj/mbox.o
 .bss           0x0000000000082ae0        0x0 obj/uart.o
 .bss           0x0000000000082ae0        0x0 obj/irq.o
 .bss           0x0000000000082ae0        0x0 obj/tool.o
 .bss           0x0000000000082ae0        0x0 obj/main.o
 .bss           0x0000000000082ae0        0x0 obj/util.o
 .bss           0x0000000000082ae0        0x0 obj/reboot.o
 .bss           0x0000000000082ae0        0x0 obj/timer.o
 .bss           0x0000000000082ae0        0x0 obj/get_HW_info.o
 *(COMMON)
 COMMON         0x0000000000082ae0       0x90 obj/mbox.o
                0x0000000000082ae0                mbox
                0x0000000000082b70                __bss_end = .
                0x0000000000082b70                _end = .

/DISCARD/
 *(.comment)
 *(.gnu*)
 *(.note*)
 *(.eh_frame*)
                0x0000000000000012                __bss_size = ((__bss_end - __bss_start) >> 0x3)
LOAD obj/start.o
LOAD obj/IRQ.o
LOAD obj/entry.o
LOAD obj/SYS.o
LOAD obj/TIMER.o
LOAD obj/mbox.o
LOAD obj/uart.o
LOAD obj/irq.o
LOAD obj/tool.o
LOAD obj/main.o
LOAD obj/util.o
LOAD obj/reboot.o
LOAD obj/timer.o
LOAD obj/get_HW_info.o
OUTPUT(obj/kernel8.elf elf64-littleaarch64)

.debug_line     0x0000000000000000      0x68e
 .debug_line    0x0000000000000000       0x5a obj/start.o
 .debug_line    0x000000000000005a       0x41 obj/IRQ.o
 .debug_line    0x000000000000009b       0x8a obj/entry.o
 .debug_line    0x0000000000000125       0x3f obj/SYS.o
 .debug_line    0x0000000000000164       0x48 obj/TIMER.o
 .debug_line    0x00000000000001ac       0x66 obj/mbox.o
 .debug_line    0x0000000000000212       0xfe obj/uart.o
 .debug_line    0x0000000000000310       0xad obj/irq.o
 .debug_line    0x00000000000003bd       0x87 obj/tool.o
 .debug_line    0x0000000000000444       0xa0 obj/main.o
 .debug_line    0x00000000000004e4       0x90 obj/util.o
 .debug_line    0x0000000000000574       0x45 obj/reboot.o
 .debug_line    0x00000000000005b9       0x44 obj/timer.o
 .debug_line    0x00000000000005fd       0x91 obj/get_HW_info.o

.debug_info     0x0000000000000000      0xc2c
 .debug_info    0x0000000000000000       0x2e obj/start.o
 .debug_info    0x000000000000002e       0x2e obj/IRQ.o
 .debug_info    0x000000000000005c       0x2e obj/entry.o
 .debug_info    0x000000000000008a       0x2e obj/SYS.o
 .debug_info    0x00000000000000b8       0x2e obj/TIMER.o
 .debug_info    0x00000000000000e6       0xbb obj/mbox.o
 .debug_info    0x00000000000001a1      0x1ba obj/uart.o
 .debug_info    0x000000000000035b      0x358 obj/irq.o
 .debug_info    0x00000000000006b3      0x1a4 obj/tool.o
 .debug_info    0x0000000000000857       0xf0 obj/main.o
 .debug_info    0x0000000000000947      0x137 obj/util.o
 .debug_info    0x0000000000000a7e       0x7a obj/reboot.o
 .debug_info    0x0000000000000af8       0x88 obj/timer.o
 .debug_info    0x0000000000000b80       0xac obj/get_HW_info.o

.debug_abbrev   0x0000000000000000      0x623
 .debug_abbrev  0x0000000000000000       0x14 obj/start.o
 .debug_abbrev  0x0000000000000014       0x14 obj/IRQ.o
 .debug_abbrev  0x0000000000000028       0x14 obj/entry.o
 .debug_abbrev  0x000000000000003c       0x14 obj/SYS.o
 .debug_abbrev  0x0000000000000050       0x14 obj/TIMER.o
 .debug_abbrev  0x0000000000000064       0x9b obj/mbox.o
 .debug_abbrev  0x00000000000000ff      0x104 obj/uart.o
 .debug_abbrev  0x0000000000000203      0x10d obj/irq.o
 .debug_abbrev  0x0000000000000310       0xc8 obj/tool.o
 .debug_abbrev  0x00000000000003d8       0x8a obj/main.o
 .debug_abbrev  0x0000000000000462       0xa8 obj/util.o
 .debug_abbrev  0x000000000000050a       0x5e obj/reboot.o
 .debug_abbrev  0x0000000000000568       0x5c obj/timer.o
 .debug_abbrev  0x00000000000005c4       0x5f obj/get_HW_info.o

.debug_aranges  0x0000000000000000      0x2a0
 .debug_aranges
                0x0000000000000000       0x30 obj/start.o
 .debug_aranges
                0x0000000000000030       0x30 obj/IRQ.o
 .debug_aranges
                0x0000000000000060       0x30 obj/entry.o
 .debug_aranges
                0x0000000000000090       0x30 obj/SYS.o
 .debug_aranges
                0x00000000000000c0       0x30 obj/TIMER.o
 .debug_aranges
                0x00000000000000f0       0x30 obj/mbox.o
 .debug_aranges
                0x0000000000000120       0x30 obj/uart.o
 .debug_aranges
                0x0000000000000150       0x30 obj/irq.o
 .debug_aranges
                0x0000000000000180       0x30 obj/tool.o
 .debug_aranges
                0x00000000000001b0       0x30 obj/main.o
 .debug_aranges
                0x00000000000001e0       0x30 obj/util.o
 .debug_aranges
                0x0000000000000210       0x30 obj/reboot.o
 .debug_aranges
                0x0000000000000240       0x30 obj/timer.o
 .debug_aranges
                0x0000000000000270       0x30 obj/get_HW_info.o

.debug_str      0x0000000000000000      0x3d9
 .debug_str     0x0000000000000000       0x52 obj/start.o
 .debug_str     0x0000000000000052        0xa obj/IRQ.o
                                         0x50 (size before relaxing)
 .debug_str     0x000000000000005c        0xc obj/entry.o
                                         0x52 (size before relaxing)
 .debug_str     0x0000000000000068        0xa obj/SYS.o
                                         0x50 (size before relaxing)
 .debug_str     0x0000000000000072        0xc obj/TIMER.o
                                         0x52 (size before relaxing)
 .debug_str     0x000000000000007e       0x80 obj/mbox.o
                                         0xd9 (size before relaxing)
 .debug_str     0x00000000000000fe       0x45 obj/uart.o
                                        0x100 (size before relaxing)
 .debug_str     0x0000000000000143      0x15d obj/irq.o
                                        0x240 (size before relaxing)
 .debug_str     0x00000000000002a0       0x53 obj/tool.o
                                         0xf1 (size before relaxing)
 .debug_str     0x00000000000002f3       0x1c obj/main.o
                                         0xde (size before relaxing)
 .debug_str     0x000000000000030f       0x51 obj/util.o
                                        0x117 (size before relaxing)
 .debug_str     0x0000000000000360       0x1f obj/reboot.o
                                         0xb7 (size before relaxing)
 .debug_str     0x000000000000037f       0x18 obj/timer.o
                                         0xdc (size before relaxing)
 .debug_str     0x0000000000000397       0x42 obj/get_HW_info.o
                                         0xf8 (size before relaxing)

.debug_frame    0x0000000000000000      0x498
 .debug_frame   0x0000000000000000       0x30 obj/mbox.o
 .debug_frame   0x0000000000000030       0xf8 obj/uart.o
 .debug_frame   0x0000000000000128      0x140 obj/irq.o
 .debug_frame   0x0000000000000268       0x80 obj/tool.o
 .debug_frame   0x00000000000002e8       0x38 obj/main.o
 .debug_frame   0x0000000000000320       0x60 obj/util.o
 .debug_frame   0x0000000000000380       0x48 obj/reboot.o
 .debug_frame   0x00000000000003c8       0x48 obj/timer.o
 .debug_frame   0x0000000000000410       0x88 obj/get_HW_info.o
